HI-TECH Software C Compiler 

Linker command line:

--edf=C:\Program Files\HI-TECH Software\PICC\9.83\dat\en_msgs.txt -cs \
  -h+dist/default/production\FIRMWARE.production.sym -z -Q16F1824 -ol.obj \
  -Mdist/default/production/FIRMWARE.production.map -E1 -ACONST=00h-0FFhx16 \
  -ACODE=00h-07FFhx2 -ASTRCODE=00h-0FFFh -AENTRY=00h-0FFhx16 \
  -ASTRING=00h-0FFhx16 -ABANK0=020h-06Fh -ABANK1=0A0h-0EFh \
  -ABANK2=0120h-016Fh -ABIGRAM=02000h-020EFh \
  -ARAM=020h-06Fh,0A0h-0EFh,0120h-016Fh \
  -AABS1=020h-07Fh,0A0h-0EFh,0120h-016Fh -ACOMMON=070h-07Fh -ASFR0=00h-01Fh \
  -ASFR1=080h-09Fh -ASFR2=0100h-011Fh -ASFR3=0180h-01EFh -ASFR4=0200h-026Fh \
  -ASFR5=0280h-02EFh -ASFR6=0300h-036Fh -ASFR7=0380h-03EFh \
  -ASFR8=0400h-046Fh -ASFR9=0480h-04EFh -ASFR10=0500h-056Fh \
  -ASFR11=0580h-05EFh -ASFR12=0600h-066Fh -ASFR13=0680h-06EFh \
  -ASFR14=0700h-076Fh -ASFR15=0780h-07EFh -ASFR16=0800h-086Fh \
  -ASFR17=0880h-08EFh -ASFR18=0900h-096Fh -ASFR19=0980h-09EFh \
  -ASFR20=0A00h-0A6Fh -ASFR21=0A80h-0AEFh -ASFR22=0B00h-0B6Fh \
  -ASFR23=0B80h-0BEFh -ASFR24=0C00h-0C6Fh -ASFR25=0C80h-0CEFh \
  -ASFR26=0D00h-0D6Fh -ASFR27=0D80h-0DEFh -ASFR28=0E00h-0E6Fh \
  -ASFR29=0E80h-0EEFh -ASFR30=0F00h-0F6Fh -ASFR31=0F80h-0FEFh \
  -preset_vec=00h,intentry,init,end_init -ppowerup=CODE -pfunctab=CODE \
  -ACONFIG=08007h-08008h -pconfig=CONFIG -DCONFIG=2 -AIDLOC=08000h-08003h \
  -pidloc=IDLOC -DIDLOC=2 -AEEDATA=00h-0FFh/0F000h -peeprom_data=EEDATA \
  -DEEDATA=2 -DCODE=2 -DSTRCODE=2 -DSTRING=2 -DCONST=2 -DENTRY=2 -k \
  C:\Users\Teo\AppData\Local\Temp\s4ak.obj \
  dist/default/production\FIRMWARE.production.obj 

Object code version is 3.10

Machine type is 16F1824



                Name                               Link     Load   Length Selector   Space Scale
C:\Users\Teo\AppData\Local\Temp\s4ak.obj
                end_init                              2        2        3        0       0
                reset_vec                             0        0        2        0       0
dist/default/production\FIRMWARE.production.obj
                config                             8007     8007        2    1000E       0
                cstackCOMMON                         70       70        9       70       1
                bssCOMMON                            79       79        2       70       1
                cinit                               730      730       D0      E60       0

TOTAL           Name                               Link     Load   Length     Space
        CLASS   CONST          

        CLASS   CODE           
                end_init                              2        2        3         0
                reset_vec                             0        0        2         0
                cinit                               730      730       D0         0

        CLASS   STRCODE        

        CLASS   ENTRY          

        CLASS   STRING         

        CLASS   BANK0          

        CLASS   BANK1          

        CLASS   BANK2          

        CLASS   BIGRAM         

        CLASS   RAM            

        CLASS   ABS1           
                abs_s1                               7E       7E        2         1

        CLASS   COMMON         
                cstackCOMMON                         70       70        9         1
                bssCOMMON                            79       79        2         1

        CLASS   SFR0           

        CLASS   SFR1           

        CLASS   SFR2           

        CLASS   SFR3           

        CLASS   SFR4           

        CLASS   SFR5           

        CLASS   SFR6           

        CLASS   SFR7           

        CLASS   SFR8           

        CLASS   SFR9           

        CLASS   SFR10          

        CLASS   SFR11          

        CLASS   SFR12          

        CLASS   SFR13          

        CLASS   SFR14          

        CLASS   SFR15          

        CLASS   SFR16          

        CLASS   SFR17          

        CLASS   SFR18          

        CLASS   SFR19          

        CLASS   SFR20          

        CLASS   SFR21          

        CLASS   SFR22          

        CLASS   SFR23          

        CLASS   SFR24          

        CLASS   SFR25          

        CLASS   SFR26          

        CLASS   SFR27          

        CLASS   SFR28          

        CLASS   SFR29          

        CLASS   SFR30          

        CLASS   SFR31          

        CLASS   CONFIG         
                config                             8007     8007        2         0

        CLASS   IDLOC          

        CLASS   EEDATA         

        CLASS   BANK31         

        CLASS   BANK30         

        CLASS   BANK29         

        CLASS   BANK28         

        CLASS   BANK27         

        CLASS   BANK26         

        CLASS   BANK25         

        CLASS   BANK24         

        CLASS   BANK23         

        CLASS   BANK22         

        CLASS   BANK21         

        CLASS   BANK20         

        CLASS   BANK19         

        CLASS   BANK18         

        CLASS   BANK17         

        CLASS   BANK16         

        CLASS   BANK15         

        CLASS   BANK14         

        CLASS   BANK13         

        CLASS   BANK12         

        CLASS   BANK11         

        CLASS   BANK10         

        CLASS   BANK9          

        CLASS   BANK8          

        CLASS   BANK7          

        CLASS   BANK6          

        CLASS   BANK5          

        CLASS   BANK4          

        CLASS   BANK3          



SEGMENTS        Name                           Load    Length   Top    Selector   Space  Class     Delta

                reset_vec                      000000  000005  000005         0       0  CODE        2
                cstackCOMMON                   000070  00000B  00007B        70       1  COMMON      1
                cinit                          000730  0000D0  000800       E60       0  CODE        2
                config                         008007  000002  008009     1000E       0  CONFIG      2


UNUSED ADDRESS RANGES

        Name                Unused          Largest block    Delta
        BANK0            00020-0006F              50           1
        BANK1            000A0-000EF              50           1
        BANK2            00120-0016F              50           1
        BIGRAM           02000-020EF              F0           1
        CODE             00005-0072F             72B           2
                         00800-00FFF             800
        COMMON           0007B-0007D               3           1
        CONST            00005-0072F             100           2
                         00800-00FFF             100
        EEDATA           0F000-0F0FF             100           2
        ENTRY            00005-0072F             100           2
                         00800-00FFF             100
        IDLOC            08000-08003               4           2
        RAM              00020-0006F              50           1
                         000A0-000EF              50
                         00120-0016F              50
        SFR0             00000-0001F              20           1
        SFR1             00080-0009F              20           1
        SFR10            00500-0056F              70           1
        SFR11            00580-005EF              70           1
        SFR12            00600-0066F              70           1
        SFR13            00680-006EF              70           1
        SFR14            00700-0076F              70           1
        SFR15            00780-007EF              70           1
        SFR16            00800-0086F              70           1
        SFR17            00880-008EF              70           1
        SFR18            00900-0096F              70           1
        SFR19            00980-009EF              70           1
        SFR2             00100-0011F              20           1
        SFR20            00A00-00A6F              70           1
        SFR21            00A80-00AEF              70           1
        SFR22            00B00-00B6F              70           1
        SFR23            00B80-00BEF              70           1
        SFR24            00C00-00C6F              70           1
        SFR25            00C80-00CEF              70           1
        SFR26            00D00-00D6F              70           1
        SFR27            00D80-00DEF              70           1
        SFR28            00E00-00E6F              70           1
        SFR29            00E80-00EEF              70           1
        SFR3             00180-001EF              70           1
        SFR30            00F00-00F6F              70           1
        SFR31            00F80-00FEF              70           1
        SFR4             00200-0026F              70           1
        SFR5             00280-002EF              70           1
        SFR6             00300-0036F              70           1
        SFR7             00380-003EF              70           1
        SFR8             00400-0046F              70           1
        SFR9             00480-004EF              70           1
        STRCODE          00005-0072F             72B           2
                         00800-00FFF             800
        STRING           00005-0072F             100           2
                         00800-00FFF             100

                                  Symbol Table

??_delayerMs          cstackCOMMON 00072
??_init               cstackCOMMON 00070
??_main               cstackCOMMON 00076
?_delayerMs           cstackCOMMON 00070
?_init                cstackCOMMON 00070
?_main                cstackCOMMON 00070
_ADCON1               (abs)        0009E
_ANSELA               (abs)        0018C
_ANSELC               (abs)        0018E
_CCP1CON              (abs)        00293
_CCPR1L               (abs)        00291
_CM1CON0              (abs)        00111
_CM1CON1              (abs)        00112
_CM2CON0              (abs)        00113
_CM2CON1              (abs)        00114
_CPSCON0              (abs)        0001E
_DACCON0              (abs)        00118
_DACCON1              (abs)        00119
_FVRCON               (abs)        00117
_INLVLA               (abs)        0038C
_INTCON               (abs)        0000B
_LATA                 (abs)        0010C
_LATAbits             (abs)        0010C
_LATC                 (abs)        0010E
_LATCbits             (abs)        0010E
_MDCON                (abs)        0039C
_OPTION_REG           (abs)        00095
_OSCCON               (abs)        00099
_PIE1                 (abs)        00091
_PIE2                 (abs)        00092
_PIE3                 (abs)        00093
_PIR1                 (abs)        00011
_PIR2                 (abs)        00012
_PIR3                 (abs)        00013
_PORTA                (abs)        0000C
_PORTC                (abs)        0000E
_PR2                  (abs)        0001B
_PR4                  (abs)        00416
_PR6                  (abs)        0041D
_PSTR1CON             (abs)        00296
_T1CON                (abs)        00018
_T1GCON               (abs)        00019
_T2CON                (abs)        0001C
_T4CON                (abs)        00417
_T6CON                (abs)        0041E
_TMR1H                (abs)        00017
_TMR1L                (abs)        00016
_TMR1ON               (abs)        000C0
_TRISA                (abs)        0008C
_TRISC                (abs)        0008E
_WDTCON               (abs)        00097
__Habs1               abs1         00000
__Hbank0              bank0        00000
__Hbank1              bank1        00000
__Hbank10             bank10       00000
__Hbank11             bank11       00000
__Hbank12             bank12       00000
__Hbank13             bank13       00000
__Hbank14             bank14       00000
__Hbank15             bank15       00000
__Hbank16             bank16       00000
__Hbank17             bank17       00000
__Hbank18             bank18       00000
__Hbank19             bank19       00000
__Hbank2              bank2        00000
__Hbank20             bank20       00000
__Hbank21             bank21       00000
__Hbank22             bank22       00000
__Hbank23             bank23       00000
__Hbank24             bank24       00000
__Hbank25             bank25       00000
__Hbank26             bank26       00000
__Hbank27             bank27       00000
__Hbank28             bank28       00000
__Hbank29             bank29       00000
__Hbank3              bank3        00000
__Hbank30             bank30       00000
__Hbank31             bank31       00000
__Hbank4              bank4        00000
__Hbank5              bank5        00000
__Hbank6              bank6        00000
__Hbank7              bank7        00000
__Hbank8              bank8        00000
__Hbank9              bank9        00000
__Hbigram             bigram       00000
__HbssCOMMON          bssCOMMON    00000
__Hcinit              cinit        00000
__Hclrtext            clrtext      00000
__Hcode               code         00000
__Hcommon             common       00000
__Hconfig             config       08009
__HcstackCOMMON       cstackCOMMON 00000
__Heeprom_data        eeprom_data  00000
__Hend_init           end_init     00005
__Hfunctab            functab      00000
__Hidloc              idloc        00000
__Hinit               init         00002
__Hintentry           intentry     00002
__Hmaintext           maintext     00000
__Hpa_nodes           pa_nodes     00000
__Hpowerup            powerup      00000
__Hram                ram          00000
__Hreset_vec          reset_vec    00002
__Hsfr0               sfr0         00000
__Hsfr1               sfr1         00000
__Hsfr10              sfr10        00000
__Hsfr11              sfr11        00000
__Hsfr12              sfr12        00000
__Hsfr13              sfr13        00000
__Hsfr14              sfr14        00000
__Hsfr15              sfr15        00000
__Hsfr16              sfr16        00000
__Hsfr17              sfr17        00000
__Hsfr18              sfr18        00000
__Hsfr19              sfr19        00000
__Hsfr2               sfr2         00000
__Hsfr20              sfr20        00000
__Hsfr21              sfr21        00000
__Hsfr22              sfr22        00000
__Hsfr23              sfr23        00000
__Hsfr24              sfr24        00000
__Hsfr25              sfr25        00000
__Hsfr26              sfr26        00000
__Hsfr27              sfr27        00000
__Hsfr28              sfr28        00000
__Hsfr29              sfr29        00000
__Hsfr3               sfr3         00000
__Hsfr30              sfr30        00000
__Hsfr31              sfr31        00000
__Hsfr4               sfr4         00000
__Hsfr5               sfr5         00000
__Hsfr6               sfr6         00000
__Hsfr7               sfr7         00000
__Hsfr8               sfr8         00000
__Hsfr9               sfr9         00000
__Hstrings            strings      00000
__Htext               text         00000
__Labs1               abs1         00000
__Lbank0              bank0        00000
__Lbank1              bank1        00000
__Lbank10             bank10       00000
__Lbank11             bank11       00000
__Lbank12             bank12       00000
__Lbank13             bank13       00000
__Lbank14             bank14       00000
__Lbank15             bank15       00000
__Lbank16             bank16       00000
__Lbank17             bank17       00000
__Lbank18             bank18       00000
__Lbank19             bank19       00000
__Lbank2              bank2        00000
__Lbank20             bank20       00000
__Lbank21             bank21       00000
__Lbank22             bank22       00000
__Lbank23             bank23       00000
__Lbank24             bank24       00000
__Lbank25             bank25       00000
__Lbank26             bank26       00000
__Lbank27             bank27       00000
__Lbank28             bank28       00000
__Lbank29             bank29       00000
__Lbank3              bank3        00000
__Lbank30             bank30       00000
__Lbank31             bank31       00000
__Lbank4              bank4        00000
__Lbank5              bank5        00000
__Lbank6              bank6        00000
__Lbank7              bank7        00000
__Lbank8              bank8        00000
__Lbank9              bank9        00000
__Lbigram             bigram       00000
__LbssCOMMON          bssCOMMON    00000
__Lcinit              cinit        00000
__Lclrtext            clrtext      00000
__Lcode               code         00000
__Lcommon             common       00000
__Lconfig             config       08007
__LcstackCOMMON       cstackCOMMON 00000
__Leeprom_data        eeprom_data  00000
__Lend_init           end_init     00002
__Lfunctab            functab      00000
__Lidloc              idloc        00000
__Linit               init         00002
__Lintentry           intentry     00002
__Lmaintext           maintext     00000
__Lpa_nodes           pa_nodes     00000
__Lpowerup            powerup      00000
__Lram                ram          00000
__Lreset_vec          reset_vec    00000
__Lsfr0               sfr0         00000
__Lsfr1               sfr1         00000
__Lsfr10              sfr10        00000
__Lsfr11              sfr11        00000
__Lsfr12              sfr12        00000
__Lsfr13              sfr13        00000
__Lsfr14              sfr14        00000
__Lsfr15              sfr15        00000
__Lsfr16              sfr16        00000
__Lsfr17              sfr17        00000
__Lsfr18              sfr18        00000
__Lsfr19              sfr19        00000
__Lsfr2               sfr2         00000
__Lsfr20              sfr20        00000
__Lsfr21              sfr21        00000
__Lsfr22              sfr22        00000
__Lsfr23              sfr23        00000
__Lsfr24              sfr24        00000
__Lsfr25              sfr25        00000
__Lsfr26              sfr26        00000
__Lsfr27              sfr27        00000
__Lsfr28              sfr28        00000
__Lsfr29              sfr29        00000
__Lsfr3               sfr3         00000
__Lsfr30              sfr30        00000
__Lsfr31              sfr31        00000
__Lsfr4               sfr4         00000
__Lsfr5               sfr5         00000
__Lsfr6               sfr6         00000
__Lsfr7               sfr7         00000
__Lsfr8               sfr8         00000
__Lsfr9               sfr9         00000
__Lstrings            strings      00000
__Ltext               text         00000
__S0                  (abs)        08009
__S1                  (abs)        0007B
__S2                  (abs)        00000
__end_of_delayerMs    cinit        007B9
__end_of_init         cinit        00800
__end_of_main         cinit        007A0
__pbssCOMMON          bssCOMMON    00079
__pcstackCOMMON       cstackCOMMON 00070
__pmaintext           cinit        00734
__ptext41             text41       00000
__ptext42             cinit        007A0
__ptext43             cinit        007B9
__ptext44             text44       00000
__size_of_delayerMs   (abs)        00000
__size_of_init        (abs)        00000
__size_of_main        (abs)        00000
_delayerMs            cinit        007A0
_exit                 init         00002
_freq                 bssCOMMON    00079
_init                 cinit        007B9
_main                 cinit        00734
btemp                 (abs)        0007E
delayerMs@delay       cstackCOMMON 00070
delayerMs@i           cstackCOMMON 00074
end_of_initialization cinit        00732
intlevel0             functab      00000
intlevel1             functab      00000
intlevel2             functab      00000
intlevel3             functab      00000
intlevel4             functab      00000
intlevel5             functab      00000
l1465                                   
l1471                                   
l3212                                   
l3214                                   
l3216                                   
l3218                                   
l3220                                   
l3222                                   
l3224                                   
l3226                                   
l3228                                   
l3230                                   
l3232                                   
l3234                                   
l3236                                   
l3238                                   
l3240                                   
l3242                                   
l3244                                   
l3246                                   
l3248                                   
l3250                                   
l3254                                   
l3258                                   
l3260                                   
l3262                                   
l3268                                   
l3270                                   
l3272                                   
l3274                                   
l3276                                   
l3280                                   
l3284                                   
l3286                                   
l3288                                   
l3290                                   
l3292                                   
l3304                                   
main@i                cstackCOMMON 00077
reset_vec             reset_vec    00000
start                 init         00002
start_initialization  cinit        00730
wtemp0                (abs)        0007E
